// Jest Snapshot v1, https://goo.gl/fbAQLP

exports[`App component renders App 1`] = `
<BrowserRouter>
  <Header />
  <Switch>
    <Route
      component={[Function]}
      exact={true}
      path="/"
    />
    <Route
      component={[Function]}
      path="/artist/:artist/album/:album/track/:track"
    />
    <Route
      component={[Function]}
      path="/artist/:artist/album/:album/:id"
    />
    <Route
      component={
        Object {
          "$$typeof": Symbol(react.memo),
          "compare": null,
          "type": [Function],
        }
      }
      path="/artist/:artist/:id"
    />
  </Switch>
  <Footer />
</BrowserRouter>
`;
