// Jest Snapshot v1, https://goo.gl/fbAQLP

exports[`App component renders App 1`] = `
<form
  className="Search"
  onSubmit={[MockFunction]}
>
  <input
    name="artistSearch"
    onChange={[MockFunction]}
    placeholder="Artist Name"
    type="text"
  />
  <button>
    Search
  </button>
</form>
`;
